Write value 0x0029 to register 8
Write value 0x0000 to register 5
Write value 0x002A to register 8
Write value 0xD431 to register 0
Write value 0x0001 to register 5
Write value 0x002B to register 8
Write value 0x3039 to register 1
Write value 0x002C to register 8
Write value 0x0000 to register 2
Write value 0x002D to register 8
Write value 0x27F8 to register 3
Write value 0x002E to register 8
Write value 0x6EE9 to register 4
Write value 0xFF18 to register 9
Write value 0xFF1A to register A
Write value 0xFF1C to register B
Write value 0xFF19 to register 9
Write value 0xD431 to memory 0xFF18
Write value 0x3039 to memory 0xFF19
Write value 0x0000 to memory 0xFF1C
Write value 0xFF1B to register A
Write value 0x0004 to register F
Write value 0x002F to register 8
Write value 0xD431 to register 0
Write value 0x0002 to register 5
Write value 0x0030 to register 8
Write value 0x3039 to register 1
Write value 0x0031 to register 8
Write value 0x0001 to register 2
Write value 0x0032 to register 8
Write value 0xF7BF to register 3
Write value 0x0033 to register 8
Write value 0x6EE9 to register 4
Write value 0xFF18 to register 9
Write value 0xFF1A to register A
Write value 0xFF1C to register B
Write value 0xFF19 to register 9
Write value 0xD431 to memory 0xFF18
Write value 0x3039 to memory 0xFF19
Write value 0x0001 to memory 0xFF1C
Write value 0xFF1B to register A
Write value 0x0004 to register F
Write value 0x0034 to register 8
Write value 0xD431 to register 0
Write value 0x0003 to register 5
Write value 0x0035 to register 8
Write value 0x3039 to register 1
Write value 0x0036 to register 8
Write value 0x0002 to register 2
Write value 0x0037 to register 8
Write value 0x134D to register 3
Write value 0x0038 to register 8
Write value 0x0004 to register 4
Write value 0xFF18 to register 9
Write value 0xFF1A to register A
Write value 0xFF1C to register B
Write value 0xFF19 to register 9
Write value 0xD431 to memory 0xFF18
Write value 0x3039 to memory 0xFF19
Write value 0x0002 to memory 0xFF1C
Write value 0xFF1B to register A
Write value 0x0004 to register F
Write value 0x0039 to register 8
Write value 0xD431 to register 0
Write value 0x0004 to register 5
Write value 0x003A to register 8
Write value 0x3039 to register 1
Write value 0x003B to register 8
Write value 0x0003 to register 2
Write value 0x003C to register 8
Write value 0x046A to register 3
Write value 0x003D to register 8
Write value 0x0000 to register 4
Write value 0xFF18 to register 9
Write value 0xFF1A to register A
Write value 0xFF1C to register B
Write value 0xFF19 to register 9
Write value 0xD431 to memory 0xFF18
Write value 0x3039 to memory 0xFF19
Write value 0x0003 to memory 0xFF1C
Write value 0xFF1B to register A
Write value 0x0004 to register F
Write value 0x003E to register 8
Write value 0xFFFF to register 0
Write value 0x0005 to register 5
Write value 0x003F to register 8
Write value 0xFFFF to register 1
Write value 0x0040 to register 8
Write value 0x0000 to register 2
Write value 0x0041 to register 8
Write value 0xFFFE to register 3
Write value 0x0042 to register 8
Write value 0x0001 to register 4
Write value 0xFF18 to register 9
Write value 0xFF1A to register A
Write value 0xFF1C to register B
Write value 0xFF19 to register 9
Write value 0xFFFF to memory 0xFF18
Write value 0xFFFF to memory 0xFF19
Write value 0x0000 to memory 0xFF1C
Write value 0xFF1B to register A
Write value 0x0004 to register F
Write value 0x0043 to register 8
Write value 0xFFFF to register 0
Write value 0x0006 to register 5
Write value 0x0044 to register 8
Write value 0x0001 to register 1
Write value 0x0045 to register 8
Write value 0x0000 to register 2
Write value 0x0046 to register 8
Write value 0x0000 to register 3
Write value 0x0047 to register 8
Write value 0xFFFF to register 4
Write value 0xFF18 to register 9
Write value 0xFF1A to register A
Write value 0xFF1C to register B
Write value 0xFF19 to register 9
Write value 0xFFFF to memory 0xFF18
Write value 0x0001 to memory 0xFF19
Write value 0x0000 to memory 0xFF1C
Write value 0xFF1B to register A
Write value 0x0004 to register F
Write value 0x0048 to register 8
Write value 0x8000 to register 0
Write value 0x0007 to register 5
Write value 0x0049 to register 8
Write value 0x0002 to register 1
Write value 0x004A to register 8
Write value 0x0000 to register 2
Write value 0x004B to register 8
Write value 0x0001 to register 3
Write value 0x004C to register 8
Write value 0x0000 to register 4
Write value 0xFF18 to register 9
Write value 0xFF1A to register A
Write value 0xFF1C to register B
Write value 0xFF19 to register 9
Write value 0x8000 to memory 0xFF18
Write value 0x0002 to memory 0xFF19
Write value 0x0000 to memory 0xFF1C
Write value 0xFF1B to register A
Write value 0x0004 to register F
Write value 0x004D to register 8
Write value 0x3039 to register 0
Write value 0x0008 to register 5
Write value 0x004E to register 8
Write value 0xD431 to register 1
Write value 0x004F to register 8
Write value 0x0000 to register 2
Write value 0x0050 to register 8
Write value 0x27F8 to register 3
Write value 0x0051 to register 8
Write value 0x6EE9 to register 4
Write value 0xFF18 to register 9
Write value 0xFF1A to register A
Write value 0xFF1C to register B
Write value 0xFF19 to register 9
Write value 0x3039 to memory 0xFF18
Write value 0xD431 to memory 0xFF19
Write value 0x0000 to memory 0xFF1C
Write value 0xFF1B to register A
Write value 0x0004 to register F
Write value 0x0052 to register 8
Write value 0x0000 to register 0
Write value 0x0009 to register 5
Write value 0x0053 to register 8
Write value 0xFFFF to register 1
Write value 0x0054 to register 8
Write value 0x0000 to register 2
Write value 0x0055 to register 8
Write value 0x0000 to register 3
Write value 0x0056 to register 8
Write value 0x0000 to register 4
Write value 0xFF18 to register 9
Write value 0xFF1A to register A
Write value 0xFF1C to register B
Write value 0xFF19 to register 9
Write value 0x0000 to memory 0xFF18
Write value 0xFFFF to memory 0xFF19
Write value 0x0000 to memory 0xFF1C
Write value 0xFF1B to register A
Write value 0x0004 to register F
Write value 0x0057 to register 8
Write value 0x7530 to register 0
Write value 0x000A to register 5
Write value 0x0058 to register 8
Write value 0x0007 to register 1
Write value 0x0059 to register 8
Write value 0x0001 to register 2
Write value 0x005A to register 8
Write value 0x0003 to register 3
Write value 0x005B to register 8
Write value 0x3450 to register 4
Write value 0xFF18 to register 9
Write value 0xFF1A to register A
Write value 0xFF1C to register B
Write value 0xFF19 to register 9
Write value 0x7530 to memory 0xFF18
Write value 0x0007 to memory 0xFF19
Write value 0x0001 to memory 0xFF1C
Write value 0xFF1B to register A
Write value 0x0004 to register F
Write value 0x005C to register 8
Write value 0x8AD0 to register 0
Write value 0x000B to register 5
Write value 0x005D to register 8
Write value 0x0007 to register 1
Write value 0x005E to register 8
Write value 0x0001 to register 2
Write value 0x005F to register 8
Write value 0xFFFC to register 3
Write value 0x0060 to register 8
Write value 0xCBB0 to register 4
Write value 0xFF18 to register 9
Write value 0xFF1A to register A
Write value 0xFF1C to register B
Write value 0xFF19 to register 9
Write value 0x8AD0 to memory 0xFF18
Write value 0x0007 to memory 0xFF19
Write value 0x0001 to memory 0xFF1C
Write value 0xFF1B to register A
Write value 0x0004 to register F
Write value 0x0061 to register 8
Write value 0x7530 to register 0
Write value 0x000C to register 5
Write value 0x0062 to register 8
Write value 0xFFF9 to register 1
Write value 0x0063 to register 8
Write value 0x0001 to register 2
Write value 0x0064 to register 8
Write value 0xFFFC to register 3
Write value 0x0065 to register 8
Write value 0xCBB0 to register 4
Write value 0xFF18 to register 9
Write value 0xFF1A to register A
Write value 0xFF1C to register B
Write value 0xFF19 to register 9
Write value 0x7530 to memory 0xFF18
Write value 0xFFF9 to memory 0xFF19
Write value 0x0001 to memory 0xFF1C
Write value 0xFF1B to register A
Write value 0x0004 to register F
Write value 0x0066 to register 8
Write value 0x8AD0 to register 0
Write value 0x000D to register 5
Write value 0x0067 to register 8
Write value 0xFFF9 to register 1
Write value 0x0068 to register 8
Write value 0x0001 to register 2
Write value 0x0069 to register 8
Write value 0x0003 to register 3
Write value 0x006A to register 8
Write value 0x3450 to register 4
Write value 0xFF18 to register 9
Write value 0xFF1A to register A
Write value 0xFF1C to register B
Write value 0xFF19 to register 9
Write value 0x8AD0 to memory 0xFF18
Write value 0xFFF9 to memory 0xFF19
Write value 0x0001 to memory 0xFF1C
Write value 0xFF1B to register A
Write value 0x0004 to register F
Write value 0x006B to register 8
Write value 0x8000 to register 0
Write value 0x000E to register 5
Write value 0x006C to register 8
Write value 0x8000 to register 1
Write value 0x006D to register 8
Write value 0x0001 to register 2
Write value 0x006E to register 8
Write value 0x4000 to register 3
Write value 0x006F to register 8
Write value 0x0000 to register 4
Write value 0xFF18 to register 9
Write value 0xFF1A to register A
Write value 0xFF1C to register B
Write value 0xFF19 to register 9
Write value 0x8000 to memory 0xFF18
Write value 0x8000 to memory 0xFF19
Write value 0x0001 to memory 0xFF1C
Write value 0xFF1B to register A
Write value 0x0004 to register F
Write value 0x0070 to register 8
Write value 0xFFFF to register 0
Write value 0x000F to register 5
Write value 0x0071 to register 8
Write value 0xFFFF to register 1
Write value 0x0072 to register 8
Write value 0x0001 to register 2
Write value 0x0073 to register 8
Write value 0x0000 to register 3
Write value 0x0074 to register 8
Write value 0x0001 to register 4
Write value 0xFF18 to register 9
Write value 0xFF1A to register A
Write value 0xFF1C to register B
Write value 0xFF19 to register 9
Write value 0xFFFF to memory 0xFF18
Write value 0xFFFF to memory 0xFF19
Write value 0x0001 to memory 0xFF1C
Write value 0xFF1B to register A
Write value 0x0004 to register F
Write value 0x0075 to register 8
Write value 0xFFFF to register 0
Write value 0x0010 to register 5
Write value 0x0076 to register 8
Write value 0x0001 to register 1
Write value 0x0077 to register 8
Write value 0x0001 to register 2
Write value 0x0078 to register 8
Write value 0xFFFF to register 3
Write value 0x0079 to register 8
Write value 0xFFFF to register 4
Write value 0xFF18 to register 9
Write value 0xFF1A to register A
Write value 0xFF1C to register B
Write value 0xFF19 to register 9
Write value 0xFFFF to memory 0xFF18
Write value 0x0001 to memory 0xFF19
Write value 0x0001 to memory 0xFF1C
Write value 0xFF1B to register A
Write value 0x0004 to register F
Write value 0x007A to register 8
Write value 0x00FF to register 0
Write value 0x0011 to register 5
Write value 0x007B to register 8
Write value 0x0101 to register 1
Write value 0x007C to register 8
Write value 0x0001 to register 2
Write value 0x007D to register 8
Write value 0x0000 to register 3
Write value 0x007E to register 8
Write value 0xFFFF to register 4
Write value 0xFF18 to register 9
Write value 0xFF1A to register A
Write value 0xFF1C to register B
Write value 0xFF19 to register 9
Write value 0x00FF to memory 0xFF18
Write value 0x0101 to memory 0xFF19
Write value 0x0001 to memory 0xFF1C
Write value 0xFF1B to register A
Write value 0x0004 to register F
Write value 0x007F to register 8
Write value 0xFFFF to register 0
Write value 0x0012 to register 5
Write value 0x0080 to register 8
Write value 0x0001 to register 1
Write value 0x0081 to register 8
Write value 0x0002 to register 2
Write value 0x0082 to register 8
Write value 0x0000 to register 3
Write value 0x0083 to register 8
Write value 0xFFFF to register 4
Write value 0xFF18 to register 9
Write value 0xFF1A to register A
Write value 0xFF1C to register B
Write value 0xFF19 to register 9
Write value 0xFFFF to memory 0xFF18
Write value 0x0001 to memory 0xFF19
Write value 0x0002 to memory 0xFF1C
Write value 0xFF1B to register A
Write value 0x0004 to register F
Write value 0x0084 to register 8
Write value 0xFFFF to register 0
Write value 0x0013 to register 5
Write value 0x0085 to register 8
Write value 0xFFFF to register 1
Write value 0x0086 to register 8
Write value 0x0002 to register 2
Write value 0x0087 to register 8
Write value 0x0000 to register 3
Write value 0x0088 to register 8
Write value 0x0001 to register 4
Write value 0xFF18 to register 9
Write value 0xFF1A to register A
Write value 0xFF1C to register B
Write value 0xFF19 to register 9
Write value 0xFFFF to memory 0xFF18
Write value 0xFFFF to memory 0xFF19
Write value 0x0002 to memory 0xFF1C
Write value 0xFF1B to register A
Write value 0x0004 to register F
Write value 0x0089 to register 8
Write value 0xFFFF to register 0
Write value 0x0014 to register 5
Write value 0x008A to register 8
Write value 0x0002 to register 1
Write value 0x008B to register 8
Write value 0x0002 to register 2
Write value 0x008C to register 8
Write value 0x0001 to register 3
Write value 0x008D to register 8
Write value 0x7FFF to register 4
Write value 0xFF18 to register 9
Write value 0xFF1A to register A
Write value 0xFF1C to register B
Write value 0xFF19 to register 9
Write value 0xFFFF to memory 0xFF18
Write value 0x0002 to memory 0xFF19
Write value 0x0002 to memory 0xFF1C
Write value 0xFF1B to register A
Write value 0x0004 to register F
Write value 0x008E to register 8
Write value 0x3039 to register 0
Write value 0x0015 to register 5
Write value 0x008F to register 8
Write value 0xD431 to register 1
Write value 0x0090 to register 8
Write value 0x0002 to register 2
Write value 0x0091 to register 8
Write value 0x3039 to register 3
Write value 0x0092 to register 8
Write value 0x0000 to register 4
Write value 0xFF18 to register 9
Write value 0xFF1A to register A
Write value 0xFF1C to register B
Write value 0xFF19 to register 9
Write value 0x3039 to memory 0xFF18
Write value 0xD431 to memory 0xFF19
Write value 0x0002 to memory 0xFF1C
Write value 0xFF1B to register A
Write value 0x0004 to register F
Write value 0x0093 to register 8
Write value 0xD431 to register 0
Write value 0x0016 to register 5
Write value 0x0094 to register 8
Write value 0x0007 to register 1
Write value 0x0095 to register 8
Write value 0x0002 to register 2
Write value 0x0096 to register 8
Write value 0x0001 to register 3
Write value 0x0097 to register 8
Write value 0x1E50 to register 4
Write value 0xFF18 to register 9
Write value 0xFF1A to register A
Write value 0xFF1C to register B
Write value 0xFF19 to register 9
Write value 0xD431 to memory 0xFF18
Write value 0x0007 to memory 0xFF19
Write value 0x0002 to memory 0xFF1C
Write value 0xFF1B to register A
Write value 0x0004 to register F
Write value 0x0098 to register 8
Write value 0x8000 to register 0
Write value 0x0017 to register 5
Write value 0x0099 to register 8
Write value 0x8000 to register 1
Write value 0x009A to register 8
Write value 0x0002 to register 2
Write value 0x009B to register 8
Write value 0x0000 to register 3
Write value 0x009C to register 8
Write value 0x0001 to register 4
Write value 0xFF18 to register 9
Write value 0xFF1A to register A
Write value 0xFF1C to register B
Write value 0xFF19 to register 9
Write value 0x8000 to memory 0xFF18
Write value 0x8000 to memory 0xFF19
Write value 0x0002 to memory 0xFF1C
Write value 0xFF1B to register A
Write value 0x0004 to register F
Write value 0x009D to register 8
Write value 0x7530 to register 0
Write value 0x0018 to register 5
Write value 0x009E to register 8
Write value 0x0007 to register 1
Write value 0x009F to register 8
Write value 0x0003 to register 2
Write value 0x00A0 to register 8
Write value 0x0005 to register 3
Write value 0x00A1 to register 8
Write value 0x10BD to register 4
Write value 0xFF18 to register 9
Write value 0xFF1A to register A
Write value 0xFF1C to register B
Write value 0xFF19 to register 9
Write value 0x7530 to memory 0xFF18
Write value 0x0007 to memory 0xFF19
Write value 0x0003 to memory 0xFF1C
Write value 0xFF1B to register A
Write value 0x0004 to register F
Write value 0x00A2 to register 8
Write value 0x8AD0 to register 0
Write value 0x0019 to register 5
Write value 0x00A3 to register 8
Write value 0x0007 to register 1
Write value 0x00A4 to register 8
Write value 0x0003 to register 2
Write value 0x00A5 to register 8
Write value 0x0002 to register 3
Write value 0x00A6 to register 8
Write value 0xEF43 to register 4
Write value 0xFF18 to register 9
Write value 0xFF1A to register A
Write value 0xFF1C to register B
Write value 0xFF19 to register 9
Write value 0x8AD0 to memory 0xFF18
Write value 0x0007 to memory 0xFF19
Write value 0x0003 to memory 0xFF1C
Write value 0xFF1B to register A
Write value 0x0004 to register F
Write value 0x00A7 to register 8
Write value 0x7530 to register 0
Write value 0x001A to register 5
Write value 0x00A8 to register 8
Write value 0xFFF9 to register 1
Write value 0x00A9 to register 8
Write value 0x0003 to register 2
Write value 0x00AA to register 8
Write value 0xFFFE to register 3
Write value 0x00AB to register 8
Write value 0xEF43 to register 4
Write value 0xFF18 to register 9
Write value 0xFF1A to register A
Write value 0xFF1C to register B
Write value 0xFF19 to register 9
Write value 0x7530 to memory 0xFF18
Write value 0xFFF9 to memory 0xFF19
Write value 0x0003 to memory 0xFF1C
Write value 0xFF1B to register A
Write value 0x0004 to register F
Write value 0x00AC to register 8
Write value 0x8AD0 to register 0
Write value 0x001B to register 5
Write value 0x00AD to register 8
Write value 0xFFF9 to register 1
Write value 0x00AE to register 8
Write value 0x0003 to register 2
Write value 0x00AF to register 8
Write value 0xFFFB to register 3
Write value 0x00B0 to register 8
Write value 0x10BD to register 4
Write value 0xFF18 to register 9
Write value 0xFF1A to register A
Write value 0xFF1C to register B
Write value 0xFF19 to register 9
Write value 0x8AD0 to memory 0xFF18
Write value 0xFFF9 to memory 0xFF19
Write value 0x0003 to memory 0xFF1C
Write value 0xFF1B to register A
Write value 0x0004 to register F
Write value 0x00B1 to register 8
Write value 0x2BCF to register 0
Write value 0x001C to register 5
Write value 0x00B2 to register 8
Write value 0x3039 to register 1
Write value 0x00B3 to register 8
Write value 0x0003 to register 2
Write value 0x00B4 to register 8
Write value 0x2BCF to register 3
Write value 0x00B5 to register 8
Write value 0x0000 to register 4
Write value 0xFF18 to register 9
Write value 0xFF1A to register A
Write value 0xFF1C to register B
Write value 0xFF19 to register 9
Write value 0x2BCF to memory 0xFF18
Write value 0x3039 to memory 0xFF19
Write value 0x0003 to memory 0xFF1C
Write value 0xFF1B to register A
Write value 0x0004 to register F
Write value 0x00B6 to register 8
Write value 0xD431 to register 0
Write value 0x001D to register 5
Write value 0x00B7 to register 8
Write value 0x3039 to register 1
Write value 0x00B8 to register 8
Write value 0x0003 to register 2
Write value 0x00B9 to register 8
Write value 0x046A to register 3
Write value 0x00BA to register 8
Write value 0x0000 to register 4
Write value 0xFF18 to register 9
Write value 0xFF1A to register A
Write value 0xFF1C to register B
Write value 0xFF19 to register 9
Write value 0xD431 to memory 0xFF18
Write value 0x3039 to memory 0xFF19
Write value 0x0003 to memory 0xFF1C
Write value 0xFF1B to register A
Write value 0x0004 to register F
Write value 0x00BB to register 8
Write value 0x2BCF to register 0
Write value 0x001E to register 5
Write value 0x00BC to register 8
Write value 0xCFC7 to register 1
Write value 0x00BD to register 8
Write value 0x0003 to register 2
Write value 0x00BE to register 8
Write value 0xFB96 to register 3
Write value 0x00BF to register 8
Write value 0x0000 to register 4
Write value 0xFF18 to register 9
Write value 0xFF1A to register A
Write value 0xFF1C to register B
Write value 0xFF19 to register 9
Write value 0x2BCF to memory 0xFF18
Write value 0xCFC7 to memory 0xFF19
Write value 0x0003 to memory 0xFF1C
Write value 0xFF1B to register A
Write value 0x0004 to register F
Write value 0x00C0 to register 8
Write value 0xD431 to register 0
Write value 0x001F to register 5
Write value 0x00C1 to register 8
Write value 0xCFC7 to register 1
Write value 0x00C2 to register 8
Write value 0x0003 to register 2
Write value 0x00C3 to register 8
Write value 0xD431 to register 3
Write value 0x00C4 to register 8
Write value 0x0000 to register 4
Write value 0xFF18 to register 9
Write value 0xFF1A to register A
Write value 0xFF1C to register B
Write value 0xFF19 to register 9
Write value 0xD431 to memory 0xFF18
Write value 0xCFC7 to memory 0xFF19
Write value 0x0003 to memory 0xFF1C
Write value 0xFF1B to register A
Write value 0x0004 to register F
Write value 0x00C5 to register 8
Write value 0x0064 to register 0
Write value 0x0020 to register 5
Write value 0x00C6 to register 8
Write value 0x000A to register 1
Write value 0x00C7 to register 8
Write value 0x0003 to register 2
Write value 0x00C8 to register 8
Write value 0x0000 to register 3
Write value 0x00C9 to register 8
Write value 0x000A to register 4
Write value 0xFF18 to register 9
Write value 0xFF1A to register A
Write value 0xFF1C to register B
Write value 0xFF19 to register 9
Write value 0x0064 to memory 0xFF18
Write value 0x000A to memory 0xFF19
Write value 0x0003 to memory 0xFF1C
Write value 0xFF1B to register A
Write value 0x0004 to register F
Write value 0x00CA to register 8
Write value 0xFF9C to register 0
Write value 0x0021 to register 5
Write value 0x00CB to register 8
Write value 0x000A to register 1
Write value 0x00CC to register 8
Write value 0x0003 to register 2
Write value 0x00CD to register 8
Write value 0x0000 to register 3
Write value 0x00CE to register 8
Write value 0xFFF6 to register 4
Write value 0xFF18 to register 9
Write value 0xFF1A to register A
Write value 0xFF1C to register B
Write value 0xFF19 to register 9
Write value 0xFF9C to memory 0xFF18
Write value 0x000A to memory 0xFF19
Write value 0x0003 to memory 0xFF1C
Write value 0xFF1B to register A
Write value 0x0004 to register F
Write value 0x00CF to register 8
Write value 0x0064 to register 0
Write value 0x0022 to register 5
Write value 0x00D0 to register 8
Write value 0xFFF6 to register 1
Write value 0x00D1 to register 8
Write value 0x0003 to register 2
Write value 0x00D2 to register 8
Write value 0x0000 to register 3
Write value 0x00D3 to register 8
Write value 0xFFF6 to register 4
Write value 0xFF18 to register 9
Write value 0xFF1A to register A
Write value 0xFF1C to register B
Write value 0xFF19 to register 9
Write value 0x0064 to memory 0xFF18
Write value 0xFFF6 to memory 0xFF19
Write value 0x0003 to memory 0xFF1C
Write value 0xFF1B to register A
Write value 0x0004 to register F
Write value 0x00D4 to register 8
Write value 0xFF9C to register 0
Write value 0x0023 to register 5
Write value 0x00D5 to register 8
Write value 0xFFF6 to register 1
Write value 0x00D6 to register 8
Write value 0x0003 to register 2
Write value 0x00D7 to register 8
Write value 0x0000 to register 3
Write value 0x00D8 to register 8
Write value 0x000A to register 4
Write value 0xFF18 to register 9
Write value 0xFF1A to register A
Write value 0xFF1C to register B
Write value 0xFF19 to register 9
Write value 0xFF9C to memory 0xFF18
Write value 0xFFF6 to memory 0xFF19
Write value 0x0003 to memory 0xFF1C
Write value 0xFF1B to register A
Write value 0x0004 to register F
Write value 0x00D9 to register 8
Write value 0x3039 to register 0
Write value 0x0024 to register 5
Write value 0x00DA to register 8
Write value 0x0001 to register 1
Write value 0x00DB to register 8
Write value 0x0003 to register 2
Write value 0x00DC to register 8
Write value 0x0000 to register 3
Write value 0x00DD to register 8
Write value 0x3039 to register 4
Write value 0xFF18 to register 9
Write value 0xFF1A to register A
Write value 0xFF1C to register B
Write value 0xFF19 to register 9
Write value 0x3039 to memory 0xFF18
Write value 0x0001 to memory 0xFF19
Write value 0x0003 to memory 0xFF1C
Write value 0xFF1B to register A
Write value 0x0004 to register F
Write value 0x00DE to register 8
Write value 0x3039 to register 0
Write value 0x0025 to register 5
Write value 0x00DF to register 8
Write value 0xFFFF to register 1
Write value 0x00E0 to register 8
Write value 0x0003 to register 2
Write value 0x00E1 to register 8
Write value 0x0000 to register 3
Write value 0x00E2 to register 8
Write value 0xCFC7 to register 4
Write value 0xFF18 to register 9
Write value 0xFF1A to register A
Write value 0xFF1C to register B
Write value 0xFF19 to register 9
Write value 0x3039 to memory 0xFF18
Write value 0xFFFF to memory 0xFF19
Write value 0x0003 to memory 0xFF1C
Write value 0xFF1B to register A
Write value 0x0004 to register F
Write value 0x00E3 to register 8
Write value 0x8000 to register 0
Write value 0x0026 to register 5
Write value 0x00E4 to register 8
Write value 0x0001 to register 1
Write value 0x00E5 to register 8
Write value 0x0003 to register 2
Write value 0x00E6 to register 8
Write value 0x0000 to register 3
Write value 0x00E7 to register 8
Write value 0x8000 to register 4
Write value 0xFF18 to register 9
Write value 0xFF1A to register A
Write value 0xFF1C to register B
Write value 0xFF19 to register 9
Write value 0x8000 to memory 0xFF18
Write value 0x0001 to memory 0xFF19
Write value 0x0003 to memory 0xFF1C
Write value 0xFF1B to register A
Write value 0x0004 to register F
Write value 0x00E8 to register 8
Write value 0x8000 to register 0
Write value 0x0027 to register 5
Write value 0x00E9 to register 8
Write value 0xFFFF to register 1
Write value 0x00EA to register 8
Write value 0x0003 to register 2
Write value 0x00EB to register 8
Write value 0x0000 to register 3
Write value 0x00EC to register 8
Write value 0x8000 to register 4
Write value 0xFF18 to register 9
Write value 0xFF1A to register A
Write value 0xFF1C to register B
Write value 0xFF19 to register 9
Write value 0x8000 to memory 0xFF18
Write value 0xFFFF to memory 0xFF19
Write value 0x0003 to memory 0xFF1C
Write value 0xFF1B to register A
Write value 0x0004 to register F
Write value 0x00ED to register 8
Write value 0x8000 to register 0
Write value 0x0028 to register 5
Write value 0x00EE to register 8
Write value 0x0007 to register 1
Write value 0x00EF to register 8
Write value 0x0003 to register 2
Write value 0x00F0 to register 8
Write value 0x0006 to register 3
Write value 0x00F1 to register 8
Write value 0xEDB7 to register 4
Write value 0xFF18 to register 9
Write value 0xFF1A to register A
Write value 0xFF1C to register B
Write value 0xFF19 to register 9
Write value 0x8000 to memory 0xFF18
Write value 0x0007 to memory 0xFF19
Write value 0x0003 to memory 0xFF1C
Write value 0xFF1B to register A
Write value 0x0004 to register F
Write value 0x00F2 to register 8
Write value 0x8000 to register 0
Write value 0x0029 to register 5
Write value 0x00F3 to register 8
Write value 0xFFF9 to register 1
Write value 0x00F4 to register 8
Write value 0x0003 to register 2
Write value 0x00F5 to register 8
Write value 0xFFFF to register 3
Write value 0x00F6 to register 8
Write value 0x1249 to register 4
Write value 0xFF18 to register 9
Write value 0xFF1A to register A
Write value 0xFF1C to register B
Write value 0xFF19 to register 9
Write value 0x8000 to memory 0xFF18
Write value 0xFFF9 to memory 0xFF19
Write value 0x0003 to memory 0xFF1C
Write value 0xFF1B to register A
Write value 0x0004 to register F
Write value 0x00F7 to register 8
Write value 0x0001 to register 0
Write value 0x002A to register 5
Write value 0x00F8 to register 8
Write value 0xFFFE to register 1
Write value 0x00F9 to register 8
Write value 0x0003 to register 2
Write value 0x00FA to register 8
Write value 0xFFFF to register 3
Write value 0x00FB to register 8
Write value 0x0000 to register 4
Write value 0xFF18 to register 9
Write value 0xFF1A to register A
Write value 0xFF1C to register B
Write value 0xFF19 to register 9
Write value 0x0001 to memory 0xFF18
Write value 0xFFFE to memory 0xFF19
Write value 0x0003 to memory 0xFF1C
Write value 0xFF1B to register A
Write value 0x0004 to register F
Write value 0x00FC to register 8
Write value 0xFFFF to register 0
Write value 0x002B to register 5
Write value 0x00FD to register 8
Write value 0x0002 to register 1
Write value 0x00FE to register 8
Write value 0x0003 to register 2
Write value 0x00FF to register 8
Write value 0x0001 to register 3
Write value 0x0100 to register 8
Write value 0x0000 to register 4
Write value 0xFF18 to register 9
Write value 0xFF1A to register A
Write value 0xFF1C to register B
Write value 0xFF19 to register 9
Write value 0xFFFF to memory 0xFF18
Write value 0x0002 to memory 0xFF19
Write value 0x0003 to memory 0xFF1C
Write value 0xFF1B to register A
Write value 0x0004 to register F
Write value 0x0101 to register 8
Write value 0x1111 to register 0
Write value 0x0024 to register F
Write value 0x7FFF to register 0
Write value 0x0000 to memory 0x7FFF
