Write value 0x002D to register D
Write value 0x0000 to register 0
Write value 0x0010 to register 1
Write value 0x0010 to register 8
Write value 0x002C to register D
Write value 0x0009 to memory 0x002C
Write value 0x0014 to register F
Write value 0x0010 to register 9
Write value 0x002B to register D
Write value 0x0017 to memory 0x002B
Write value 0x0019 to register F
Write value 0x0020 to register 9
Write value 0x002C to register D
Write value 0x0017 to register F
Write value 0x0030 to register 9
Write value 0x002D to register D
Write value 0x0009 to register F
Write value 0x0030 to register 0
Write value 0x000F to register 1
Write value 0x0006 to register F
Write value 0x000F to register 8
Write value 0x002C to register D
Write value 0x0009 to memory 0x002C
Write value 0x0014 to register F
Write value 0x000F to register 9
Write value 0x002B to register D
Write value 0x0017 to memory 0x002B
Write value 0x0019 to register F
Write value 0x001E to register 9
Write value 0x002C to register D
Write value 0x0017 to register F
Write value 0x002D to register 9
Write value 0x002D to register D
Write value 0x0009 to register F
Write value 0x005D to register 0
Write value 0x000E to register 1
Write value 0x0006 to register F
Write value 0x000E to register 8
Write value 0x002C to register D
Write value 0x0009 to memory 0x002C
Write value 0x0014 to register F
Write value 0x000E to register 9
Write value 0x002B to register D
Write value 0x0017 to memory 0x002B
Write value 0x0019 to register F
Write value 0x001C to register 9
Write value 0x002C to register D
Write value 0x0017 to register F
Write value 0x002A to register 9
Write value 0x002D to register D
Write value 0x0009 to register F
Write value 0x0087 to register 0
Write value 0x000D to register 1
Write value 0x0006 to register F
Write value 0x000D to register 8
Write value 0x002C to register D
Write value 0x0009 to memory 0x002C
Write value 0x0014 to register F
Write value 0x000D to register 9
Write value 0x002B to register D
Write value 0x0017 to memory 0x002B
Write value 0x0019 to register F
Write value 0x001A to register 9
Write value 0x002C to register D
Write value 0x0017 to register F
Write value 0x0027 to register 9
Write value 0x002D to register D
Write value 0x0009 to register F
Write value 0x00AE to register 0
Write value 0x000C to register 1
Write value 0x0006 to register F
Write value 0x000C to register 8
Write value 0x002C to register D
Write value 0x0009 to memory 0x002C
Write value 0x0014 to register F
Write value 0x000C to register 9
Write value 0x002B to register D
Write value 0x0017 to memory 0x002B
Write value 0x0019 to register F
Write value 0x0018 to register 9
Write value 0x002C to register D
Write value 0x0017 to register F
Write value 0x0024 to register 9
Write value 0x002D to register D
Write value 0x0009 to register F
Write value 0x00D2 to register 0
Write value 0x000B to register 1
Write value 0x0006 to register F
Write value 0x000B to register 8
Write value 0x002C to register D
Write value 0x0009 to memory 0x002C
Write value 0x0014 to register F
Write value 0x000B to register 9
Write value 0x002B to register D
Write value 0x0017 to memory 0x002B
Write value 0x0019 to register F
Write value 0x0016 to register 9
Write value 0x002C to register D
Write value 0x0017 to register F
Write value 0x0021 to register 9
Write value 0x002D to register D
Write value 0x0009 to register F
Write value 0x00F3 to register 0
Write value 0x000A to register 1
Write value 0x0006 to register F
Write value 0x000A to register 8
Write value 0x002C to register D
Write value 0x0009 to memory 0x002C
Write value 0x0014 to register F
Write value 0x000A to register 9
Write value 0x002B to register D
Write value 0x0017 to memory 0x002B
Write value 0x0019 to register F
Write value 0x0014 to register 9
Write value 0x002C to register D
Write value 0x0017 to register F
Write value 0x001E to register 9
Write value 0x002D to register D
Write value 0x0009 to register F
Write value 0x0111 to register 0
Write value 0x0009 to register 1
Write value 0x0006 to register F
Write value 0x0009 to register 8
Write value 0x002C to register D
Write value 0x0009 to memory 0x002C
Write value 0x0014 to register F
Write value 0x0009 to register 9
Write value 0x002B to register D
Write value 0x0017 to memory 0x002B
Write value 0x0019 to register F
Write value 0x0012 to register 9
Write value 0x002C to register D
Write value 0x0017 to register F
Write value 0x001B to register 9
Write value 0x002D to register D
Write value 0x0009 to register F
Write value 0x012C to register 0
Write value 0x0008 to register 1
Write value 0x0006 to register F
Write value 0x0008 to register 8
Write value 0x002C to register D
Write value 0x0009 to memory 0x002C
Write value 0x0014 to register F
Write value 0x0008 to register 9
Write value 0x002B to register D
Write value 0x0017 to memory 0x002B
Write value 0x0019 to register F
Write value 0x0010 to register 9
Write value 0x002C to register D
Write value 0x0017 to register F
Write value 0x0018 to register 9
Write value 0x002D to register D
Write value 0x0009 to register F
Write value 0x0144 to register 0
Write value 0x0007 to register 1
Write value 0x0006 to register F
Write value 0x0007 to register 8
Write value 0x002C to register D
Write value 0x0009 to memory 0x002C
Write value 0x0014 to register F
Write value 0x0007 to register 9
Write value 0x002B to register D
Write value 0x0017 to memory 0x002B
Write value 0x0019 to register F
Write value 0x000E to register 9
Write value 0x002C to register D
Write value 0x0017 to register F
Write value 0x0015 to register 9
Write value 0x002D to register D
Write value 0x0009 to register F
Write value 0x0159 to register 0
Write value 0x0006 to register 1
Write value 0x0006 to register F
Write value 0x0006 to register 8
Write value 0x002C to register D
Write value 0x0009 to memory 0x002C
Write value 0x0014 to register F
Write value 0x0006 to register 9
Write value 0x002B to register D
Write value 0x0017 to memory 0x002B
Write value 0x0019 to register F
Write value 0x000C to register 9
Write value 0x002C to register D
Write value 0x0017 to register F
Write value 0x0012 to register 9
Write value 0x002D to register D
Write value 0x0009 to register F
Write value 0x016B to register 0
Write value 0x0005 to register 1
Write value 0x0006 to register F
Write value 0x0005 to register 8
Write value 0x002C to register D
Write value 0x0009 to memory 0x002C
Write value 0x0014 to register F
Write value 0x0005 to register 9
Write value 0x002B to register D
Write value 0x0017 to memory 0x002B
Write value 0x0019 to register F
Write value 0x000A to register 9
Write value 0x002C to register D
Write value 0x0017 to register F
Write value 0x000F to register 9
Write value 0x002D to register D
Write value 0x0009 to register F
Write value 0x017A to register 0
Write value 0x0004 to register 1
Write value 0x0006 to register F
Write value 0x0004 to register 8
Write value 0x002C to register D
Write value 0x0009 to memory 0x002C
Write value 0x0014 to register F
Write value 0x0004 to register 9
Write value 0x002B to register D
Write value 0x0017 to memory 0x002B
Write value 0x0019 to register F
Write value 0x0008 to register 9
Write value 0x002C to register D
Write value 0x0017 to register F
Write value 0x000C to register 9
Write value 0x002D to register D
Write value 0x0009 to register F
Write value 0x0186 to register 0
Write value 0x0003 to register 1
Write value 0x0006 to register F
Write value 0x0003 to register 8
Write value 0x002C to register D
Write value 0x0009 to memory 0x002C
Write value 0x0014 to register F
Write value 0x0003 to register 9
Write value 0x002B to register D
Write value 0x0017 to memory 0x002B
Write value 0x0019 to register F
Write value 0x0006 to register 9
Write value 0x002C to register D
Write value 0x0017 to register F
Write value 0x0009 to register 9
Write value 0x002D to register D
Write value 0x0009 to register F
Write value 0x018F to register 0
Write value 0x0002 to register 1
Write value 0x0006 to register F
Write value 0x0002 to register 8
Write value 0x002C to register D
Write value 0x0009 to memory 0x002C
Write value 0x0014 to register F
Write value 0x0002 to register 9
Write value 0x002B to register D
Write value 0x0017 to memory 0x002B
Write value 0x0019 to register F
Write value 0x0004 to register 9
Write value 0x002C to register D
Write value 0x0017 to register F
Write value 0x0006 to register 9
Write value 0x002D to register D
Write value 0x0009 to register F
Write value 0x0195 to register 0
Write value 0x0001 to register 1
Write value 0x0006 to register F
Write value 0x0001 to register 8
Write value 0x002C to register D
Write value 0x0009 to memory 0x002C
Write value 0x0014 to register F
Write value 0x0001 to register 9
Write value 0x002B to register D
Write value 0x0017 to memory 0x002B
Write value 0x0019 to register F
Write value 0x0002 to register 9
Write value 0x002C to register D
Write value 0x0017 to register F
Write value 0x0003 to register 9
Write value 0x002D to register D
Write value 0x0009 to register F
Write value 0x0198 to register 0
Write value 0x0000 to register 1
Write value 0x0020 to register F
Write value 0x1FFF to register 0
Write value 0x0000 to memory 0x1FFF
