Write value 0x1234 to register 0
Write value 0x1234 to register 1
Write value 0x0008 to register F
Write value 0x00B5 to register 0
Write value 0xAAAA to register 1
Write value 0x0010 to register F
Write value 0x1111 to register 0
Write value 0x2222 to register 0
Write value 0x0018 to register F
Write value 0x0007 to register 0
Write value 0x0007 to register 1
Write value 0x0007 to register 2
Write value 0x0007 to register 3
Write value 0x0022 to register F
Write value 0x0005 to register E
Write value 0x0029 to register F
Write value 0x0000 to register 0
Write value 0x0001 to register E
Write value 0x0000 to register 0
Write value 0x0009 to register 9
Write value 0x0008 to register 9
Write value 0x0037 to register F
Write value 0x00B7 to register 5
Write value 0x0000 to register 0
Write value 0x0001 to register E
Write value 0x0000 to register 0
Write value 0x0009 to memory 0x00B7
Write value 0x0009 to register 9
Write value 0x0008 to register 9
Write value 0x0048 to register F
Write value 0x00B6 to register 5
Write value 0x0000 to register 0
Write value 0x0001 to register E
Write value 0x0000 to register 0
Write value 0x0009 to register E
Write value 0x0009 to register 9
Write value 0x0008 to register 9
Write value 0x0059 to register F
Write value 0x00B7 to register 1
Write value 0x1111 to register 0
Write value 0x00B8 to register 1
Write value 0x1111 to memory 0x00B7
Write value 0x2222 to register 0
Write value 0x00B9 to register 1
Write value 0x2222 to memory 0x00B8
Write value 0x00B7 to register 1
Write value 0x00B8 to register 1
Write value 0x1111 to register 2
Write value 0x00B9 to register 1
Write value 0x2222 to register 3
Write value 0x006A to register F
Write value 0x006F to register F
Write value 0x00B9 to register D
Write value 0x4321 to register 0
Write value 0x00B8 to register D
Write value 0x4321 to memory 0x00B8
Write value 0x00B9 to register D
Write value 0x4321 to register 1
Write value 0x007A to register F
Write value 0x0000 to register E
Write value 0xAAAA to register 0
Write value 0x5555 to register 0
Write value 0xAAAA to register 9
Write value 0x0088 to register F
Write value 0x0000 to register E
Write value 0x1111 to register 0
Write value 0x0100 to register E
Write value 0x0000 to register 0
Write value 0x0000 to register E
Write value 0x0100 to register E
Write value 0x0000 to register 0
Write value 0x009B to register F
Write value 0x0000 to register E
Write value 0xDDDD to register 0
Write value 0x0005 to register E
Write value 0xDDDD to register 9
Write value 0x00A7 to register F
Write value 0x0000 to register E
Write value 0x00B0 to register 8
Write value 0x1FFF to register 0
Write value 0x0000 to memory 0x1FFF
