Write value 0x001B to register 0
Write value 0x0000 to register 1
Write value 0x0000 to register 1
Write value 0x0000 to register 1
Write value 0x0000 to register 1
Write value 0x001C to register 0
Write value 0x001D to register 0
Write value 0x3579 to memory 0x001C
Write value 0x0000 to register 1
Write value 0x0000 to register 1
Write value 0x0000 to register 1
Write value 0x0000 to register 1
Write value 0x001C to register 0
Write value 0x1FFF to register 0
Write value 0x0000 to memory 0x1FFF
