Write value 0x1000 to register 7
Write value 0x1001 to register 7
Write value 0x1234 to memory 0x1000
Write value 0x1002 to register 7
Write value 0x5678 to memory 0x1001
Write value 0x1003 to register 7
Write value 0x9ABC to memory 0x1002
Write value 0xDEF0 to memory 0x1003
Write value 0x1000 to register 7
Write value 0xFF18 to register 9
Write value 0x0003 to memory 0xFF18
Write value 0x1001 to register 7
Write value 0x1234 to register 0
Write value 0x1002 to register 7
Write value 0x5678 to register 1
Write value 0x1003 to register 7
Write value 0x9ABC to register 2
Write value 0xDEF0 to register 3
Write value 0x1000 to register 7
Write value 0xFF18 to register 9
Write value 0xFF1A to register A
Write value 0xFF1C to register B
Write value 0xFF19 to register 9
Write value 0x0003 to memory 0xFF18
Write value 0x0005 to memory 0xFF19
Write value 0x0000 to memory 0xFF1C
Write value 0x1001 to register 7
Write value 0x1234 to register 0
Write value 0x5678 to register 1
Write value 0xFF1B to register A
Write value 0x000F to register 2
Write value 0x0000 to register 3
Write value 0xFF18 to register 9
Write value 0xFF1A to register A
Write value 0xFF19 to register 9
Write value 0x0007 to memory 0xFF18
Write value 0x0009 to memory 0xFF19
Write value 0x003F to register 2
Write value 0x7FFF to register 0
Write value 0x0000 to memory 0x7FFF
