Write value 0x1234 to register 0
Write value 0x1234 to register 1
Write value 0x0008 to register F
Write value 0x0080 to register 0
Write value 0xAAAA to register 1
Write value 0x0010 to register F
Write value 0x1111 to register 0
Write value 0x2222 to register 0
Write value 0x0018 to register F
Write value 0x0007 to register 0
Write value 0x0007 to register 1
Write value 0x0007 to register 2
Write value 0x0007 to register 3
Write value 0x0022 to register F
Write value 0x0005 to register 0
Write value 0x0029 to register F
Write value 0x0000 to register 0
Write value 0x0000 to register 0
Write value 0x0009 to register 9
Write value 0x0008 to register 9
Write value 0x0035 to register F
Write value 0x0082 to register 5
Write value 0x0000 to register 0
Write value 0x0000 to register 0
Write value 0x0009 to memory 0x0082
Write value 0x0009 to register 9
Write value 0x0008 to register 9
Write value 0x0044 to register F
Write value 0x0081 to register 5
Write value 0x0000 to register 0
Write value 0x0000 to register 0
Write value 0x0009 to register E
Write value 0x0009 to register 9
Write value 0x0008 to register 9
Write value 0x0053 to register F
Write value 0x0082 to register 1
Write value 0x1111 to register 0
Write value 0x0083 to register 1
Write value 0x1111 to memory 0x0082
Write value 0x2222 to register 0
Write value 0x0084 to register 1
Write value 0x2222 to memory 0x0083
Write value 0x0082 to register 1
Write value 0x0083 to register 1
Write value 0x1111 to register 2
Write value 0x0084 to register 1
Write value 0x2222 to register 3
Write value 0x0064 to register F
Write value 0x0069 to register F
Write value 0x0084 to register D
Write value 0x4321 to register 0
Write value 0x0083 to register D
Write value 0x4321 to memory 0x0083
Write value 0x0084 to register D
Write value 0x4321 to register 1
Write value 0x0074 to register F
Write value 0x007B to register 8
Write value 0x1FFF to register 0
Write value 0x0000 to memory 0x1FFF
