Write value 0xBF01 to register 0 bank 0x00
Write value 0xBF00 to register 1 bank 0x00
Write value 0xBF02 to register 2 bank 0x00
Write value 0xBF03 to register 3 bank 0x00
Write value 0x0025 to memory 0xBF01
Write value 0x000E to register 4 bank 0x00
Write value 0x0001 to memory 0xBF00
Write value 0x0100 to register 6 bank 0x00
Write value 0x001C to register F
Write value 0x7FFF to register 5 bank 0x00
Write value 0x0000 to memory 0x7FFF
Write value 0x0001 to register E
