Write value 0x001B to register 0 bank 0x00
Write value 0x0000 to register 1 bank 0x00
Write value 0x0000 to register 1 bank 0x00
Write value 0x0000 to register 1 bank 0x00
Write value 0x0000 to register 1 bank 0x00
Write value 0x001C to register 0 bank 0x00
Write value 0x001D to register 0 bank 0x00
Write value 0x3579 to memory 0x001C
Write value 0x0000 to register 1 bank 0x00
Write value 0x0000 to register 1 bank 0x00
Write value 0x0000 to register 1 bank 0x00
Write value 0x0000 to register 1 bank 0x00
Write value 0x001C to register 0 bank 0x00
Write value 0x7FFF to register 0 bank 0x00
Write value 0x0000 to memory 0x7FFF
