Write value 0x001F to register 7
Write value 0x0010 to register F
Write value 0x0020 to register 7
Write value 0x0021 to register 7
Write value 0x9753 to memory 0x0020
Write value 0x1234 to register 8
Write value 0x2345 to register 9
Write value 0x1FFF to register 0
Write value 0x0000 to memory 0x1FFF
