Write value 0x0021 to register 8
Write value 0x0022 to register 8
Write value 0xD431 to register 0
Write value 0x0023 to register 8
Write value 0x3039 to register 1
Write value 0x0024 to register 8
Write value 0x0000 to register 2
Write value 0x0025 to register 8
Write value 0x27F8 to register 3
Write value 0x0026 to register 8
Write value 0x6EE9 to register 4
Write value 0xFF18 to register 9
Write value 0xFF1A to register A
Write value 0xFF1C to register B
Write value 0xFF19 to register 9
Write value 0xD431 to memory 0xFF18
Write value 0x3039 to memory 0xFF19
Write value 0x0000 to memory 0xFF1C
Write value 0xFF1B to register A
Write value 0x0002 to register F
Write value 0x0027 to register 8
Write value 0xD431 to register 0
Write value 0x0028 to register 8
Write value 0x3039 to register 1
Write value 0x0029 to register 8
Write value 0x0001 to register 2
Write value 0x002A to register 8
Write value 0xF7BF to register 3
Write value 0x002B to register 8
Write value 0x6EE9 to register 4
Write value 0xFF18 to register 9
Write value 0xFF1A to register A
Write value 0xFF1C to register B
Write value 0xFF19 to register 9
Write value 0xD431 to memory 0xFF18
Write value 0x3039 to memory 0xFF19
Write value 0x0001 to memory 0xFF1C
Write value 0xFF1B to register A
Write value 0x0002 to register F
Write value 0x002C to register 8
Write value 0xD431 to register 0
Write value 0x002D to register 8
Write value 0x3039 to register 1
Write value 0x002E to register 8
Write value 0x0002 to register 2
Write value 0x002F to register 8
Write value 0x134D to register 3
Write value 0x0030 to register 8
Write value 0x0004 to register 4
Write value 0xFF18 to register 9
Write value 0xFF1A to register A
Write value 0xFF1C to register B
Write value 0xFF19 to register 9
Write value 0xD431 to memory 0xFF18
Write value 0x3039 to memory 0xFF19
Write value 0x0002 to memory 0xFF1C
Write value 0xFF1B to register A
Write value 0x0002 to register F
Write value 0x0031 to register 8
Write value 0xD431 to register 0
Write value 0x0032 to register 8
Write value 0x3039 to register 1
Write value 0x0033 to register 8
Write value 0x0003 to register 2
Write value 0x0034 to register 8
Write value 0x046A to register 3
Write value 0x0035 to register 8
Write value 0x0000 to register 4
Write value 0xFF18 to register 9
Write value 0xFF1A to register A
Write value 0xFF1C to register B
Write value 0xFF19 to register 9
Write value 0xD431 to memory 0xFF18
Write value 0x3039 to memory 0xFF19
Write value 0x0003 to memory 0xFF1C
Write value 0xFF1B to register A
Write value 0x0002 to register F
Write value 0x0036 to register 8
Write value 0x1111 to register 0
Write value 0x001C to register F
Write value 0x7FFF to register 0
Write value 0x0000 to memory 0x7FFF
