Write value 0x0000 to register 2
Write value 0x0000 to register 3
Write value 0xFFFF to register 0
Write value 0x0001 to register 1
Write value 0x0000 to register 0
Write value 0x0001 to register 2
Write value 0x000F to register F
Write value 0x0000 to register 2
Write value 0x0000 to register 3
Write value 0x0001 to register 0
Write value 0x0001 to register 1
Write value 0x0002 to register 0
Write value 0x0000 to register 2
Write value 0x001E to register F
Write value 0x0000 to register 2
Write value 0x0000 to register 3
Write value 0x0005 to register E
Write value 0x0001 to register 2
Write value 0x002A to register F
Write value 0x0000 to register 2
Write value 0x0000 to register 3
Write value 0xFFFF to register 0
Write value 0x0001 to register 1
Write value 0x0000 to register 0
Write value 0x0007 to register 5
Write value 0x0001 to register 2
Write value 0x003B to register F
Write value 0x0000 to register 2
Write value 0x0000 to register 3
Write value 0xFFFF to register 0
Write value 0x0001 to register 1
Write value 0x0000 to register 0
Write value 0x0007 to register 5
Write value 0x0008 to register 6
Write value 0x0001 to register 2
Write value 0x004E to register F
Write value 0x008F to register 6
Write value 0x0000 to register 7
Write value 0xFFFF to register 0
Write value 0x0001 to register 1
Write value 0x0000 to register 0
Write value 0x0001 to register 7
Write value 0x005D to register F
Write value 0x0000 to register 2
Write value 0x0000 to register 3
Write value 0x0001 to register E
Write value 0x0000 to register 2
Write value 0x0000 to register 8
Write value 0x0000 to register 2
Write value 0x0000 to register 3
Write value 0x0005 to register E
Write value 0xFFFF to register 2
Write value 0xFFFF to register 9
Write value 0x0071 to register F
Write value 0x8000 to register 2
Write value 0x0001 to register E
Write value 0x0800 to register 2
Write value 0x0800 to register 8
Write value 0x8000 to register 2
Write value 0x0005 to register E
Write value 0xF800 to register 2
Write value 0xF800 to register 9
Write value 0x0083 to register F
Write value 0x008A to register 8
Write value 0x1FFF to register 0
Write value 0x0000 to memory 0x1FFF
