Write value 0x000A to register 0
Write value 0x0015 to register 1
Write value 0x0308 to register 1
Write value 0x5555 to register 2
Write value 0xAAAA to register 3
Write value 0x0308 to memory 0x000A
Write value 0xAAAA to register 2
Write value 0x0016 to register F
Write value 0x001F to register 0
Write value 0x0020 to register 0
Write value 0xAAAA to register 1
Write value 0x0000 to register 2
Write value 0xAAAA to memory 0x0020
Write value 0xAAAA to register 2
Write value 0x0026 to register F
Write value 0x0044 to register 0
Write value 0x004C to register 1
Write value 0x0308 to register 1
Write value 0x1234 to register 2
Write value 0x8765 to register 3
Write value 0x0308 to memory 0x0044
Write value 0x0000 to register 4
Write value 0x0000 to register 4
Write value 0x0000 to register 4
Write value 0x0000 to register 4
Write value 0x0000 to register 4
Write value 0x0000 to register 4
Write value 0x0000 to register 4
Write value 0x0000 to register 4
Write value 0x0000 to register 4
Write value 0x0000 to register 4
Write value 0x0000 to register 4
Write value 0x0000 to register 4
Write value 0x0000 to register 4
Write value 0x0000 to register 4
Write value 0x0000 to register 4
Write value 0x0000 to register 4
Write value 0x0000 to register 4
Write value 0x0000 to register 4
Write value 0x0000 to register 4
Write value 0x0000 to register 4
Write value 0x8765 to register 2
Write value 0x004D to register F
Write value 0x005B to register 0
Write value 0x0066 to register 1
Write value 0x0308 to register 1
Write value 0x1111 to register 2
Write value 0x2222 to register 3
Write value 0x0000 to register 4
Write value 0x0308 to memory 0x005B
Write value 0x3333 to register 4
Write value 0x2222 to register 2
Write value 0x0067 to register F
Write value 0x0073 to register 0
Write value 0x0074 to register 0
Write value 0x0079 to register 1
Write value 0x0308 to register 1
Write value 0x4444 to register 2
Write value 0x5555 to register 3
Write value 0x0073 to register 0
Write value 0x0308 to memory 0x0073
Write value 0x5555 to register 2
Write value 0x007A to register F
Write value 0x0089 to register 0
Write value 0x0000 to register 1
Write value 0x9999 to memory 0x0089
Write value 0x0001 to register 1
Write value 0x0002 to register 1
Write value 0x008A to register F
Write value 0x0001 to register 9
Write value 0x0002 to register A
Write value 0x0003 to register B
Write value 0x0000 to register 2
Write value 0x0003 to register 6
Write value 0x009A to register 7
Write value 0x1808 to register 0
Write value 0x1908 to register 0
Write value 0x1908 to memory 0x009A
Write value 0x0001 to register 2
Write value 0x0002 to register 6
Write value 0x0096 to register F
Write value 0x1908 to register 0
Write value 0x1A08 to register 0
Write value 0x1A08 to memory 0x009A
Write value 0x0003 to register 2
Write value 0x0001 to register 6
Write value 0x0096 to register F
Write value 0x1A08 to register 0
Write value 0x1B08 to register 0
Write value 0x1B08 to memory 0x009A
Write value 0x0006 to register 2
Write value 0x0000 to register 6
Write value 0x00A4 to register F
Write value 0x1FFF to register 0
Write value 0x0000 to memory 0x1FFF
