Write value 0x1234 to register 0
Write value 0x1234 to register 1
Write value 0x0008 to register F
Write value 0x0086 to register 0
Write value 0xAAAA to register 1
Write value 0x0010 to register F
Write value 0x1111 to register 0
Write value 0x2222 to register 0
Write value 0x0018 to register F
Write value 0x0007 to register 0
Write value 0x0007 to register 1
Write value 0x0007 to register 2
Write value 0x0007 to register 3
Write value 0x0022 to register F
Write value 0x0005 to register E
Write value 0x0029 to register F
Write value 0x0000 to register 0
Write value 0x0001 to register E
Write value 0x0000 to register 0
Write value 0x0009 to register 9
Write value 0x0008 to register 9
Write value 0x0037 to register F
Write value 0x0088 to register 5
Write value 0x0000 to register 0
Write value 0x0001 to register E
Write value 0x0000 to register 0
Write value 0x0009 to memory 0x0088
Write value 0x0009 to register 9
Write value 0x0008 to register 9
Write value 0x0048 to register F
Write value 0x0087 to register 5
Write value 0x0000 to register 0
Write value 0x0001 to register E
Write value 0x0000 to register 0
Write value 0x0009 to register E
Write value 0x0009 to register 9
Write value 0x0008 to register 9
Write value 0x0059 to register F
Write value 0x0088 to register 1
Write value 0x1111 to register 0
Write value 0x0089 to register 1
Write value 0x1111 to memory 0x0088
Write value 0x2222 to register 0
Write value 0x008A to register 1
Write value 0x2222 to memory 0x0089
Write value 0x0088 to register 1
Write value 0x0089 to register 1
Write value 0x1111 to register 2
Write value 0x008A to register 1
Write value 0x2222 to register 3
Write value 0x006A to register F
Write value 0x006F to register F
Write value 0x008A to register D
Write value 0x4321 to register 0
Write value 0x0089 to register D
Write value 0x4321 to memory 0x0089
Write value 0x008A to register D
Write value 0x4321 to register 1
Write value 0x007A to register F
Write value 0x0081 to register 8
Write value 0x1FFF to register 0
Write value 0x0000 to memory 0x1FFF
