Write value 0x0000 to register 6
Write value 0x0000 to memory 0x0000
Write value 0x0000 to register 4
Write value 0x0000 to memory 0x0000
Write value 0x0000 to register 9
Write value 0x0000 to memory 0x0000
Write value 0x0000 to register 8
Write value 0x0000 to memory 0x0000
Write value 0x1234 to register 1
Write value 0x3579 to register 1
Write value 0x000D to register 1
Write value 0x0010 to register F
Write value 0x001F to register F
Write value 0x0022 to register F
Write value 0x0031 to register D
Write value 0x0000 to register 8
Write value 0x0030 to register D
Write value 0x0027 to memory 0x0030
Write value 0x002C to register F
Write value 0x0031 to register D
Write value 0x0027 to register F
Write value 0x1FFF to register 0
Write value 0x0000 to memory 0x1FFF
